// Jest Snapshot v1, https://goo.gl/fbAQLP

exports[`<HomePage /> should render 1`] = `
<div>
  <div
    class="
              mx-auto mt-16 flex max-w-2xl flex-col items-center justify-center
              space-y-12 px-4
            "
  >
    <header
      class="text-center"
    >
      <h1
        class="text-4xl font-bold"
      >
        AI Background Remover
      </h1>
      <p
        class="mt-4 text-lg"
      >
        Upload your images and remove backgrounds automatically
      </p>
    </header>
    <div
      class="w-full py-10"
      id="DropZoneMock"
    />
    <div
      class="mt-10 space-y-4 text-center"
    >
      <p
        class="font-bold"
      >
        No images? Try one of these:
      </p>
      <div
        class="flex justify-center gap-4"
      >
        <button
          aria-label="Select sample image: bird"
          class="hover:opacity-80"
          role="button"
        >
          <img
            alt="bird"
            class="w-40 rounded-lg object-cover shadow-lg"
            src="https://assets.lharti.com/bg/upload-examples/bird-sm.jpg"
          />
        </button>
        <button
          aria-label="Select sample image: dog"
          class="hover:opacity-80"
          role="button"
        >
          <img
            alt="dog"
            class="w-40 rounded-lg object-cover shadow-lg"
            src="https://assets.lharti.com/bg/upload-examples/dog-sm.jpg"
          />
        </button>
        <button
          aria-label="Select sample image: fox"
          class="hover:opacity-80"
          role="button"
        >
          <img
            alt="fox"
            class="w-40 rounded-lg object-cover shadow-lg"
            src="https://assets.lharti.com/bg/upload-examples/fox-sm.jpg"
          />
        </button>
      </div>
    </div>
  </div>
</div>
`;
